Drela DAE-11 constrained vs. CL-only 5x5 study
Results root         : /home/erene/simulations/rAIFoil/optimizer/studies/dae11_constrained_no_cm_no_le_mismatch_seed_958258
Seed                 : 958258
Baseline             : /home/erene/simulations/rAIFoil/DAE11.dat
Inverse selections   : /home/erene/simulations/rAIFoil/optimizer/dae11_inverse/selected_methods.csv
AoA sweep            : 2 to 10 (30 samples)
Mach / Reynolds      : 0.2 / 500000
Target Cl            : 1.25
Generations / pop.   : 500 / 100
Constrained case: /home/erene/simulations/rAIFoil/optimizer/studies/dae11_constrained_no_cm_no_le_mismatch_seed_958258/constrained
  DAE-11 constraints: te_angle,t90,t33 (deb)
  CL envelope: 1.25 +/- 0
  Scales: CM=0.02 t33=0.0004 t90=0.0004 TE=1.0 LE=0.005
WARNING: selected parsec inverse fit did not pass Kulfan tolerance; using the built-in reference instead.

============================================================
Method    : parsec
Optimizer : ga
Setup     : fixed
n_genes   : 11
Log       : /home/erene/simulations/rAIFoil/optimizer/studies/dae11_constrained_no_cm_no_le_mismatch_seed_958258/constrained/logs/parsec__ga.log
============================================================
Completed: parsec__ga  final_best=0.037139876847037
WARNING: selected parsec inverse fit did not pass Kulfan tolerance; using the built-in reference instead.

============================================================
Method    : parsec
Optimizer : pso
Setup     : fixed
n_genes   : 11
Log       : /home/erene/simulations/rAIFoil/optimizer/studies/dae11_constrained_no_cm_no_le_mismatch_seed_958258/constrained/logs/parsec__pso.log
PSO       : omega_max=default omega_min=default c1=default c2=default
============================================================
Completed: parsec__pso  final_best=0.0574652824383498
WARNING: selected parsec inverse fit did not pass Kulfan tolerance; using the built-in reference instead.

============================================================
Method    : parsec
Optimizer : de
Setup     : fixed
n_genes   : 11
Log       : /home/erene/simulations/rAIFoil/optimizer/studies/dae11_constrained_no_cm_no_le_mismatch_seed_958258/constrained/logs/parsec__de.log
============================================================
Completed: parsec__de  final_best=0.0574652824383498
WARNING: selected parsec inverse fit did not pass Kulfan tolerance; using the built-in reference instead.

============================================================
Method    : parsec
Optimizer : cmaes
Setup     : fixed
n_genes   : 11
Log       : /home/erene/simulations/rAIFoil/optimizer/studies/dae11_constrained_no_cm_no_le_mismatch_seed_958258/constrained/logs/parsec__cmaes.log
CMAES     : sigma=0.30 mu=0 cm=1.0 elitism=0 max_resample=100
============================================================
Completed: parsec__cmaes  final_best=0.0298040986091655
WARNING: selected parsec inverse fit did not pass Kulfan tolerance; using the built-in reference instead.

============================================================
Method    : parsec
Optimizer : abc
Setup     : fixed
n_genes   : 11
Log       : /home/erene/simulations/rAIFoil/optimizer/studies/dae11_constrained_no_cm_no_le_mismatch_seed_958258/constrained/logs/parsec__abc.log
ABC       : mr=0.0 employed_fraction=0.5 elitism=1 scout_period=0 scout_count=1
============================================================
Completed: parsec__abc  final_best=0.0542930086530442

============================================================
Method    : cst
Optimizer : ga
Setup     : CST_ORDER=7
n_genes   : 19
Log       : /home/erene/simulations/rAIFoil/optimizer/studies/dae11_constrained_no_cm_no_le_mismatch_seed_958258/constrained/logs/cst__ga.log
============================================================
Completed: cst__ga  final_best=0.0463276919843669

============================================================
Method    : cst
Optimizer : pso
Setup     : CST_ORDER=7
n_genes   : 19
Log       : /home/erene/simulations/rAIFoil/optimizer/studies/dae11_constrained_no_cm_no_le_mismatch_seed_958258/constrained/logs/cst__pso.log
PSO       : omega_max=default omega_min=default c1=default c2=default
============================================================
Completed: cst__pso  final_best=0.0262552136450993

============================================================
Method    : cst
Optimizer : de
Setup     : CST_ORDER=7
n_genes   : 19
Log       : /home/erene/simulations/rAIFoil/optimizer/studies/dae11_constrained_no_cm_no_le_mismatch_seed_958258/constrained/logs/cst__de.log
============================================================
Completed: cst__de  final_best=0.0488866869252721

============================================================
Method    : cst
Optimizer : cmaes
Setup     : CST_ORDER=7
n_genes   : 19
Log       : /home/erene/simulations/rAIFoil/optimizer/studies/dae11_constrained_no_cm_no_le_mismatch_seed_958258/constrained/logs/cst__cmaes.log
CMAES     : sigma=0.30 mu=0 cm=1.0 elitism=0 max_resample=100
============================================================
Completed: cst__cmaes  final_best=0.0234417855925186

============================================================
Method    : cst
Optimizer : abc
Setup     : CST_ORDER=7
n_genes   : 19
Log       : /home/erene/simulations/rAIFoil/optimizer/studies/dae11_constrained_no_cm_no_le_mismatch_seed_958258/constrained/logs/cst__abc.log
ABC       : mr=0.0 employed_fraction=0.5 elitism=1 scout_period=0 scout_count=1
============================================================
Completed: cst__abc  final_best=0.0479418442733797

============================================================
Method    : bspline
Optimizer : ga
Setup     : BSPLINE_N_CTRL=8
n_genes   : 12
Log       : /home/erene/simulations/rAIFoil/optimizer/studies/dae11_constrained_no_cm_no_le_mismatch_seed_958258/constrained/logs/bspline__ga.log
============================================================
Completed: bspline__ga  final_best=0.0473799692714842

============================================================
Method    : bspline
Optimizer : pso
Setup     : BSPLINE_N_CTRL=8
n_genes   : 12
Log       : /home/erene/simulations/rAIFoil/optimizer/studies/dae11_constrained_no_cm_no_le_mismatch_seed_958258/constrained/logs/bspline__pso.log
PSO       : omega_max=default omega_min=default c1=default c2=default
============================================================
Completed: bspline__pso  final_best=0.0308531308767471

============================================================
Method    : bspline
Optimizer : de
Setup     : BSPLINE_N_CTRL=8
n_genes   : 12
Log       : /home/erene/simulations/rAIFoil/optimizer/studies/dae11_constrained_no_cm_no_le_mismatch_seed_958258/constrained/logs/bspline__de.log
============================================================
Completed: bspline__de  final_best=0.0507595413903409

============================================================
Method    : bspline
Optimizer : cmaes
Setup     : BSPLINE_N_CTRL=8
n_genes   : 12
Log       : /home/erene/simulations/rAIFoil/optimizer/studies/dae11_constrained_no_cm_no_le_mismatch_seed_958258/constrained/logs/bspline__cmaes.log
CMAES     : sigma=0.30 mu=0 cm=1.0 elitism=0 max_resample=100
============================================================
Completed: bspline__cmaes  final_best=0.0277682755323343

============================================================
Method    : bspline
Optimizer : abc
Setup     : BSPLINE_N_CTRL=8
n_genes   : 12
Log       : /home/erene/simulations/rAIFoil/optimizer/studies/dae11_constrained_no_cm_no_le_mismatch_seed_958258/constrained/logs/bspline__abc.log
ABC       : mr=0.0 employed_fraction=0.5 elitism=1 scout_period=0 scout_count=1
============================================================
Completed: bspline__abc  final_best=0.0493761185664509

============================================================
Method    : hickshenne
Optimizer : ga
Setup     : HH_N_BUMPS=9
n_genes   : 18
Log       : /home/erene/simulations/rAIFoil/optimizer/studies/dae11_constrained_no_cm_no_le_mismatch_seed_958258/constrained/logs/hickshenne__ga.log
============================================================
Completed: hickshenne__ga  final_best=0.0505170666353824

============================================================
Method    : hickshenne
Optimizer : pso
Setup     : HH_N_BUMPS=9
n_genes   : 18
Log       : /home/erene/simulations/rAIFoil/optimizer/studies/dae11_constrained_no_cm_no_le_mismatch_seed_958258/constrained/logs/hickshenne__pso.log
PSO       : omega_max=default omega_min=default c1=default c2=default
============================================================
Completed: hickshenne__pso  final_best=0.0459745902799138

============================================================
Method    : hickshenne
Optimizer : de
Setup     : HH_N_BUMPS=9
n_genes   : 18
Log       : /home/erene/simulations/rAIFoil/optimizer/studies/dae11_constrained_no_cm_no_le_mismatch_seed_958258/constrained/logs/hickshenne__de.log
============================================================
Completed: hickshenne__de  final_best=0.0505170666353824

============================================================
Method    : hickshenne
Optimizer : cmaes
Setup     : HH_N_BUMPS=9
n_genes   : 18
Log       : /home/erene/simulations/rAIFoil/optimizer/studies/dae11_constrained_no_cm_no_le_mismatch_seed_958258/constrained/logs/hickshenne__cmaes.log
CMAES     : sigma=0.30 mu=0 cm=1.0 elitism=0 max_resample=100
============================================================
Completed: hickshenne__cmaes  final_best=0.0143195392480389

============================================================
Method    : hickshenne
Optimizer : abc
Setup     : HH_N_BUMPS=9
n_genes   : 18
Log       : /home/erene/simulations/rAIFoil/optimizer/studies/dae11_constrained_no_cm_no_le_mismatch_seed_958258/constrained/logs/hickshenne__abc.log
ABC       : mr=0.0 employed_fraction=0.5 elitism=1 scout_period=0 scout_count=1
============================================================
Completed: hickshenne__abc  final_best=0.0500568793269746

============================================================
Method    : ffd
Optimizer : ga
Setup     : FFD_PIN_MODE=corners;FFD_N_ROWS=4;FFD_M=6
n_genes   : 24
Log       : /home/erene/simulations/rAIFoil/optimizer/studies/dae11_constrained_no_cm_no_le_mismatch_seed_958258/constrained/logs/ffd__ga.log
============================================================
Completed: ffd__ga  final_best=0.0505170666353824

============================================================
Method    : ffd
Optimizer : pso
Setup     : FFD_PIN_MODE=corners;FFD_N_ROWS=4;FFD_M=6
n_genes   : 24
Log       : /home/erene/simulations/rAIFoil/optimizer/studies/dae11_constrained_no_cm_no_le_mismatch_seed_958258/constrained/logs/ffd__pso.log
PSO       : omega_max=default omega_min=default c1=default c2=default
============================================================
Completed: ffd__pso  final_best=0.0203909861036878

============================================================
Method    : ffd
Optimizer : de
Setup     : FFD_PIN_MODE=corners;FFD_N_ROWS=4;FFD_M=6
n_genes   : 24
Log       : /home/erene/simulations/rAIFoil/optimizer/studies/dae11_constrained_no_cm_no_le_mismatch_seed_958258/constrained/logs/ffd__de.log
============================================================
Completed: ffd__de  final_best=0.0505170666353824

============================================================
Method    : ffd
Optimizer : cmaes
Setup     : FFD_PIN_MODE=corners;FFD_N_ROWS=4;FFD_M=6
n_genes   : 24
Log       : /home/erene/simulations/rAIFoil/optimizer/studies/dae11_constrained_no_cm_no_le_mismatch_seed_958258/constrained/logs/ffd__cmaes.log
CMAES     : sigma=0.30 mu=0 cm=1.0 elitism=0 max_resample=100
============================================================
Completed: ffd__cmaes  final_best=0.0146477579117973

============================================================
Method    : ffd
Optimizer : abc
Setup     : FFD_PIN_MODE=corners;FFD_N_ROWS=4;FFD_M=6
n_genes   : 24
Log       : /home/erene/simulations/rAIFoil/optimizer/studies/dae11_constrained_no_cm_no_le_mismatch_seed_958258/constrained/logs/ffd__abc.log
ABC       : mr=0.0 employed_fraction=0.5 elitism=1 scout_period=0 scout_count=1
============================================================
